Copyright 1986-2022 Xilinx, Inc. All Rights Reserved. Copyright 2022-2023 Advanced Micro Devices, Inc. All Rights Reserved.
---------------------------------------------------------------------------------------------------------------------------------------------
| Tool Version : Vivado v.2023.2 (win64) Build 4029153 Fri Oct 13 20:14:34 MDT 2023
| Date         : Sun Jun 14 14:22:30 2026
| Host         : LAPTOP-6CG4KN49 running 64-bit major release  (build 9200)
| Command      : report_ip_status
---------------------------------------------------------------------------------------------------------------------------------------------

IP Status Summary

1. Project IP Status
--------------------
Your project uses 42 IP. Some of these IP may have undergone changes in this release of the software. Please review the recommended actions.

More information on the Xilinx versioning policy is available at www.xilinx.com.

Project IP Instances
+----------------------------------------+------------+---------------------+-----------+--------------------+---------+---------------+------------+----------------------+
| Instance Name                          | Status     | Recommendation      | Change    | IP Name            | IP      | New Version   | New        | Original Part        |
|                                        |            |                     | Log       |                    | Version |               | License    |                      |
+----------------------------------------+------------+---------------------+-----------+--------------------+---------+---------------+------------+----------------------+
| dma_loopback_bd_axi_dma_0_0            | Up-to-date | No changes required |  *(1)     | AXI Direct Memory  | 7.1     | 7.1 (Rev. 30) | Included   | xc7z020clg400-1      |
|                                        |            |                     |           | Access             | (Rev.   |               |            |                      |
|                                        |            |                     |           |                    | 30)     |               |            |                      |
+----------------------------------------+------------+---------------------+-----------+--------------------+---------+---------------+------------+----------------------+
| dma_loopback_bd_axis_data_fifo_0_0     | Up-to-date | No changes required |  *(2)     | AXI4-Stream Data   | 2.0     | 2.0 (Rev. 11) | Included   | xc7z020clg400-1      |
|                                        |            |                     |           | FIFO               | (Rev.   |               |            |                      |
|                                        |            |                     |           |                    | 11)     |               |            |                      |
+----------------------------------------+------------+---------------------+-----------+--------------------+---------+---------------+------------+----------------------+
| dma_loopback_bd_proc_sys_reset_0_0     | Up-to-date | No changes required |  *(3)     | Processor System   | 5.0     | 5.0 (Rev. 14) | Included   | xc7z020clg400-1      |
|                                        |            |                     |           | Reset              | (Rev.   |               |            |                      |
|                                        |            |                     |           |                    | 14)     |               |            |                      |
+----------------------------------------+------------+---------------------+-----------+--------------------+---------+---------------+------------+----------------------+
| dma_loopback_bd_processing_system7_0_0 | Up-to-date | No changes required |  *(4)     | ZYNQ7 Processing   | 5.5     | 5.5 (Rev. 6)  | Included   | xc7z020clg400-1      |
|                                        |            |                     |           | System             | (Rev.   |               |            |                      |
|                                        |            |                     |           |                    | 6)      |               |            |                      |
+----------------------------------------+------------+---------------------+-----------+--------------------+---------+---------------+------------+----------------------+
| dma_loopback_bd_smartconnect_ctrl_0    | Up-to-date | No changes required |  *(5)     | AXI SmartConnect   | 1.0     | 1.0 (Rev. 21) | Included   | xc7z020clg400-1      |
|                                        |            |                     |           |                    | (Rev.   |               |            |                      |
|                                        |            |                     |           |                    | 21)     |               |            |                      |
+----------------------------------------+------------+---------------------+-----------+--------------------+---------+---------------+------------+----------------------+
| dma_loopback_bd_smartconnect_mm2s_0    | Up-to-date | No changes required |  *(6)     | AXI SmartConnect   | 1.0     | 1.0 (Rev. 21) | Included   | xc7z020clg400-1      |
|                                        |            |                     |           |                    | (Rev.   |               |            |                      |
|                                        |            |                     |           |                    | 21)     |               |            |                      |
+----------------------------------------+------------+---------------------+-----------+--------------------+---------+---------------+------------+----------------------+
| dma_loopback_bd_smartconnect_s2mm_0    | Up-to-date | No changes required |  *(7)     | AXI SmartConnect   | 1.0     | 1.0 (Rev. 21) | Included   | xc7z020clg400-1      |
|                                        |            |                     |           |                    | (Rev.   |               |            |                      |
|                                        |            |                     |           |                    | 21)     |               |            |                      |
+----------------------------------------+------------+---------------------+-----------+--------------------+---------+---------------+------------+----------------------+
| dma_loopback_bd_xlconcat_irq_0         | Up-to-date | No changes required |  *(8)     | Concat             | 2.1     | 2.1 (Rev. 5)  | Included   | xc7z020clg400-1      |
|                                        |            |                     |           |                    | (Rev.   |               |            |                      |
|                                        |            |                     |           |                    | 5)      |               |            |                      |
+----------------------------------------+------------+---------------------+-----------+--------------------+---------+---------------+------------+----------------------+
| bd_4ddb_m00e_0                         | Up-to-date | No changes required |  *(9)     | SC EXIT            | 1.0     | 1.0 (Rev. 14) | Included   | xc7z020clg400-1      |
|                                        |            |                     |           |                    | (Rev.   |               |            |                      |
|                                        |            |                     |           |                    | 14)     |               |            |                      |
+----------------------------------------+------------+---------------------+-----------+--------------------+---------+---------------+------------+----------------------+
| bd_4ddb_m00s2a_0                       | Up-to-date | No changes required |  *(10)    | SmartConnect       | 1.0     | 1.0 (Rev. 9)  | Included   | xc7z020clg400-1      |
|                                        |            |                     |           | SC2AXI Bridge      | (Rev.   |               |            |                      |
|                                        |            |                     |           |                    | 9)      |               |            |                      |
+----------------------------------------+------------+---------------------+-----------+--------------------+---------+---------------+------------+----------------------+
| bd_4ddb_one_0                          | Up-to-date | No changes required |  *(11)    | Constant           | 1.1     | 1.1 (Rev. 8)  | Included   | xc7z020clg400-1      |
|                                        |            |                     |           |                    | (Rev.   |               |            |                      |
|                                        |            |                     |           |                    | 8)      |               |            |                      |
+----------------------------------------+------------+---------------------+-----------+--------------------+---------+---------------+------------+----------------------+
| bd_4ddb_psr_aclk_0                     | Up-to-date | No changes required |  *(12)    | Processor System   | 5.0     | 5.0 (Rev. 14) | Included   | xc7z020clg400-1      |
|                                        |            |                     |           | Reset              | (Rev.   |               |            |                      |
|                                        |            |                     |           |                    | 14)     |               |            |                      |
+----------------------------------------+------------+---------------------+-----------+--------------------+---------+---------------+------------+----------------------+
| bd_4ddb_s00a2s_0                       | Up-to-date | No changes required |  *(13)    | SmartConnect       | 1.0     | 1.0 (Rev. 9)  | Included   | xc7z020clg400-1      |
|                                        |            |                     |           | AXI2SC Bridge      | (Rev.   |               |            |                      |
|                                        |            |                     |           |                    | 9)      |               |            |                      |
+----------------------------------------+------------+---------------------+-----------+--------------------+---------+---------------+------------+----------------------+
| bd_4ddb_s00mmu_0                       | Up-to-date | No changes required |  *(14)    | SC MMU             | 1.0     | 1.0 (Rev. 12) | Included   | xc7z020clg400-1      |
|                                        |            |                     |           |                    | (Rev.   |               |            |                      |
|                                        |            |                     |           |                    | 12)     |               |            |                      |
+----------------------------------------+------------+---------------------+-----------+--------------------+---------+---------------+------------+----------------------+
| bd_4ddb_s00sic_0                       | Up-to-date | No changes required |  *(15)    | SC SI_CONVERTER    | 1.0     | 1.0 (Rev. 12) | Included   | xc7z020clg400-1      |
|                                        |            |                     |           |                    | (Rev.   |               |            |                      |
|                                        |            |                     |           |                    | 12)     |               |            |                      |
+----------------------------------------+------------+---------------------+-----------+--------------------+---------+---------------+------------+----------------------+
| bd_4ddb_s00tr_0                        | Up-to-date | No changes required |  *(16)    | SC                 | 1.0     | 1.0 (Rev. 10) | Included   | xc7z020clg400-1      |
|                                        |            |                     |           | TRANSACTION_REGULA | (Rev.   |               |            |                      |
|                                        |            |                     |           |                    | 10)     |               |            |                      |
+----------------------------------------+------------+---------------------+-----------+--------------------+---------+---------------+------------+----------------------+
| bd_4ddb_sarn_0                         | Up-to-date | No changes required |  *(17)    | SmartConnect Node  | 1.0     | 1.0 (Rev. 15) | Included   | xc7z020clg400-1      |
|                                        |            |                     |           |                    | (Rev.   |               |            |                      |
|                                        |            |                     |           |                    | 15)     |               |            |                      |
+----------------------------------------+------------+---------------------+-----------+--------------------+---------+---------------+------------+----------------------+
| bd_4ddb_srn_0                          | Up-to-date | No changes required |  *(18)    | SmartConnect Node  | 1.0     | 1.0 (Rev. 15) | Included   | xc7z020clg400-1      |
|                                        |            |                     |           |                    | (Rev.   |               |            |                      |
|                                        |            |                     |           |                    | 15)     |               |            |                      |
+----------------------------------------+------------+---------------------+-----------+--------------------+---------+---------------+------------+----------------------+
| bd_a7e3_m00e_0                         | Up-to-date | No changes required |  *(19)    | SC EXIT            | 1.0     | 1.0 (Rev. 14) | Included   | xc7z020clg400-1      |
|                                        |            |                     |           |                    | (Rev.   |               |            |                      |
|                                        |            |                     |           |                    | 14)     |               |            |                      |
+----------------------------------------+------------+---------------------+-----------+--------------------+---------+---------------+------------+----------------------+
| bd_a7e3_m00s2a_0                       | Up-to-date | No changes required |  *(20)    | SmartConnect       | 1.0     | 1.0 (Rev. 9)  | Included   | xc7z020clg400-1      |
|                                        |            |                     |           | SC2AXI Bridge      | (Rev.   |               |            |                      |
|                                        |            |                     |           |                    | 9)      |               |            |                      |
+----------------------------------------+------------+---------------------+-----------+--------------------+---------+---------------+------------+----------------------+
| bd_a7e3_one_0                          | Up-to-date | No changes required |  *(21)    | Constant           | 1.1     | 1.1 (Rev. 8)  | Included   | xc7z020clg400-1      |
|                                        |            |                     |           |                    | (Rev.   |               |            |                      |
|                                        |            |                     |           |                    | 8)      |               |            |                      |
+----------------------------------------+------------+---------------------+-----------+--------------------+---------+---------------+------------+----------------------+
| bd_a7e3_psr_aclk_0                     | Up-to-date | No changes required |  *(22)    | Processor System   | 5.0     | 5.0 (Rev. 14) | Included   | xc7z020clg400-1      |
|                                        |            |                     |           | Reset              | (Rev.   |               |            |                      |
|                                        |            |                     |           |                    | 14)     |               |            |                      |
+----------------------------------------+------------+---------------------+-----------+--------------------+---------+---------------+------------+----------------------+
| bd_a7e3_s00a2s_0                       | Up-to-date | No changes required |  *(23)    | SmartConnect       | 1.0     | 1.0 (Rev. 9)  | Included   | xc7z020clg400-1      |
|                                        |            |                     |           | AXI2SC Bridge      | (Rev.   |               |            |                      |
|                                        |            |                     |           |                    | 9)      |               |            |                      |
+----------------------------------------+------------+---------------------+-----------+--------------------+---------+---------------+------------+----------------------+
| bd_a7e3_s00mmu_0                       | Up-to-date | No changes required |  *(24)    | SC MMU             | 1.0     | 1.0 (Rev. 12) | Included   | xc7z020clg400-1      |
|                                        |            |                     |           |                    | (Rev.   |               |            |                      |
|                                        |            |                     |           |                    | 12)     |               |            |                      |
+----------------------------------------+------------+---------------------+-----------+--------------------+---------+---------------+------------+----------------------+
| bd_a7e3_s00sic_0                       | Up-to-date | No changes required |  *(25)    | SC SI_CONVERTER    | 1.0     | 1.0 (Rev. 12) | Included   | xc7z020clg400-1      |
|                                        |            |                     |           |                    | (Rev.   |               |            |                      |
|                                        |            |                     |           |                    | 12)     |               |            |                      |
+----------------------------------------+------------+---------------------+-----------+--------------------+---------+---------------+------------+----------------------+
| bd_a7e3_s00tr_0                        | Up-to-date | No changes required |  *(26)    | SC                 | 1.0     | 1.0 (Rev. 10) | Included   | xc7z020clg400-1      |
|                                        |            |                     |           | TRANSACTION_REGULA | (Rev.   |               |            |                      |
|                                        |            |                     |           |                    | 10)     |               |            |                      |
+----------------------------------------+------------+---------------------+-----------+--------------------+---------+---------------+------------+----------------------+
| bd_a7e3_sarn_0                         | Up-to-date | No changes required |  *(27)    | SmartConnect Node  | 1.0     | 1.0 (Rev. 15) | Included   | xc7z020clg400-1      |
|                                        |            |                     |           |                    | (Rev.   |               |            |                      |
|                                        |            |                     |           |                    | 15)     |               |            |                      |
+----------------------------------------+------------+---------------------+-----------+--------------------+---------+---------------+------------+----------------------+
| bd_a7e3_sawn_0                         | Up-to-date | No changes required |  *(28)    | SmartConnect Node  | 1.0     | 1.0 (Rev. 15) | Included   | xc7z020clg400-1      |
|                                        |            |                     |           |                    | (Rev.   |               |            |                      |
|                                        |            |                     |           |                    | 15)     |               |            |                      |
+----------------------------------------+------------+---------------------+-----------+--------------------+---------+---------------+------------+----------------------+
| bd_a7e3_sbn_0                          | Up-to-date | No changes required |  *(29)    | SmartConnect Node  | 1.0     | 1.0 (Rev. 15) | Included   | xc7z020clg400-1      |
|                                        |            |                     |           |                    | (Rev.   |               |            |                      |
|                                        |            |                     |           |                    | 15)     |               |            |                      |
+----------------------------------------+------------+---------------------+-----------+--------------------+---------+---------------+------------+----------------------+
| bd_a7e3_srn_0                          | Up-to-date | No changes required |  *(30)    | SmartConnect Node  | 1.0     | 1.0 (Rev. 15) | Included   | xc7z020clg400-1      |
|                                        |            |                     |           |                    | (Rev.   |               |            |                      |
|                                        |            |                     |           |                    | 15)     |               |            |                      |
+----------------------------------------+------------+---------------------+-----------+--------------------+---------+---------------+------------+----------------------+
| bd_a7e3_swn_0                          | Up-to-date | No changes required |  *(31)    | SmartConnect Node  | 1.0     | 1.0 (Rev. 15) | Included   | xc7z020clg400-1      |
|                                        |            |                     |           |                    | (Rev.   |               |            |                      |
|                                        |            |                     |           |                    | 15)     |               |            |                      |
+----------------------------------------+------------+---------------------+-----------+--------------------+---------+---------------+------------+----------------------+
| bd_ec3e_m00e_0                         | Up-to-date | No changes required |  *(32)    | SC EXIT            | 1.0     | 1.0 (Rev. 14) | Included   | xc7z020clg400-1      |
|                                        |            |                     |           |                    | (Rev.   |               |            |                      |
|                                        |            |                     |           |                    | 14)     |               |            |                      |
+----------------------------------------+------------+---------------------+-----------+--------------------+---------+---------------+------------+----------------------+
| bd_ec3e_m00s2a_0                       | Up-to-date | No changes required |  *(33)    | SmartConnect       | 1.0     | 1.0 (Rev. 9)  | Included   | xc7z020clg400-1      |
|                                        |            |                     |           | SC2AXI Bridge      | (Rev.   |               |            |                      |
|                                        |            |                     |           |                    | 9)      |               |            |                      |
+----------------------------------------+------------+---------------------+-----------+--------------------+---------+---------------+------------+----------------------+
| bd_ec3e_one_0                          | Up-to-date | No changes required |  *(34)    | Constant           | 1.1     | 1.1 (Rev. 8)  | Included   | xc7z020clg400-1      |
|                                        |            |                     |           |                    | (Rev.   |               |            |                      |
|                                        |            |                     |           |                    | 8)      |               |            |                      |
+----------------------------------------+------------+---------------------+-----------+--------------------+---------+---------------+------------+----------------------+
| bd_ec3e_psr_aclk_0                     | Up-to-date | No changes required |  *(35)    | Processor System   | 5.0     | 5.0 (Rev. 14) | Included   | xc7z020clg400-1      |
|                                        |            |                     |           | Reset              | (Rev.   |               |            |                      |
|                                        |            |                     |           |                    | 14)     |               |            |                      |
+----------------------------------------+------------+---------------------+-----------+--------------------+---------+---------------+------------+----------------------+
| bd_ec3e_s00a2s_0                       | Up-to-date | No changes required |  *(36)    | SmartConnect       | 1.0     | 1.0 (Rev. 9)  | Included   | xc7z020clg400-1      |
|                                        |            |                     |           | AXI2SC Bridge      | (Rev.   |               |            |                      |
|                                        |            |                     |           |                    | 9)      |               |            |                      |
+----------------------------------------+------------+---------------------+-----------+--------------------+---------+---------------+------------+----------------------+
| bd_ec3e_s00mmu_0                       | Up-to-date | No changes required |  *(37)    | SC MMU             | 1.0     | 1.0 (Rev. 12) | Included   | xc7z020clg400-1      |
|                                        |            |                     |           |                    | (Rev.   |               |            |                      |
|                                        |            |                     |           |                    | 12)     |               |            |                      |
+----------------------------------------+------------+---------------------+-----------+--------------------+---------+---------------+------------+----------------------+
| bd_ec3e_s00sic_0                       | Up-to-date | No changes required |  *(38)    | SC SI_CONVERTER    | 1.0     | 1.0 (Rev. 12) | Included   | xc7z020clg400-1      |
|                                        |            |                     |           |                    | (Rev.   |               |            |                      |
|                                        |            |                     |           |                    | 12)     |               |            |                      |
+----------------------------------------+------------+---------------------+-----------+--------------------+---------+---------------+------------+----------------------+
| bd_ec3e_s00tr_0                        | Up-to-date | No changes required |  *(39)    | SC                 | 1.0     | 1.0 (Rev. 10) | Included   | xc7z020clg400-1      |
|                                        |            |                     |           | TRANSACTION_REGULA | (Rev.   |               |            |                      |
|                                        |            |                     |           |                    | 10)     |               |            |                      |
+----------------------------------------+------------+---------------------+-----------+--------------------+---------+---------------+------------+----------------------+
| bd_ec3e_sawn_0                         | Up-to-date | No changes required |  *(40)    | SmartConnect Node  | 1.0     | 1.0 (Rev. 15) | Included   | xc7z020clg400-1      |
|                                        |            |                     |           |                    | (Rev.   |               |            |                      |
|                                        |            |                     |           |                    | 15)     |               |            |                      |
+----------------------------------------+------------+---------------------+-----------+--------------------+---------+---------------+------------+----------------------+
| bd_ec3e_sbn_0                          | Up-to-date | No changes required |  *(41)    | SmartConnect Node  | 1.0     | 1.0 (Rev. 15) | Included   | xc7z020clg400-1      |
|                                        |            |                     |           |                    | (Rev.   |               |            |                      |
|                                        |            |                     |           |                    | 15)     |               |            |                      |
+----------------------------------------+------------+---------------------+-----------+--------------------+---------+---------------+------------+----------------------+
| bd_ec3e_swn_0                          | Up-to-date | No changes required |  *(42)    | SmartConnect Node  | 1.0     | 1.0 (Rev. 15) | Included   | xc7z020clg400-1      |
|                                        |            |                     |           |                    | (Rev.   |               |            |                      |
|                                        |            |                     |           |                    | 15)     |               |            |                      |
+----------------------------------------+------------+---------------------+-----------+--------------------+---------+---------------+------------+----------------------+
*(1) d:/AppMajor/xilinx/Vivado/2023.2/data/ip/xilinx/axi_dma_v7_1/doc/axi_dma_v7_1_changelog.txt
*(2) d:/AppMajor/xilinx/Vivado/2023.2/data/ip/xilinx/axis_data_fifo_v2_0/doc/axis_data_fifo_v2_0_changelog.txt
*(3) d:/AppMajor/xilinx/Vivado/2023.2/data/ip/xilinx/proc_sys_reset_v5_0/doc/proc_sys_reset_v5_0_changelog.txt
*(4) d:/AppMajor/xilinx/Vivado/2023.2/data/ip/xilinx/processing_system7_v5_5/doc/processing_system7_v5_5_changelog.txt
*(5) d:/AppMajor/xilinx/Vivado/2023.2/data/ip/xilinx/smartconnect_v1_0/doc/smartconnect_v1_0_changelog.txt
*(6) d:/AppMajor/xilinx/Vivado/2023.2/data/ip/xilinx/smartconnect_v1_0/doc/smartconnect_v1_0_changelog.txt
*(7) d:/AppMajor/xilinx/Vivado/2023.2/data/ip/xilinx/smartconnect_v1_0/doc/smartconnect_v1_0_changelog.txt
*(8) d:/AppMajor/xilinx/Vivado/2023.2/data/ip/xilinx/xlconcat_v2_1/doc/xlconcat_v2_1_changelog.txt
*(9) d:/AppMajor/xilinx/Vivado/2023.2/data/ip/xilinx/sc_exit_v1_0/doc/sc_exit_v1_0_changelog.txt
*(10) d:/AppMajor/xilinx/Vivado/2023.2/data/ip/xilinx/sc_sc2axi_v1_0/doc/sc_sc2axi_v1_0_changelog.txt
*(11) d:/AppMajor/xilinx/Vivado/2023.2/data/ip/xilinx/xlconstant_v1_1/doc/xlconstant_v1_1_changelog.txt
*(12) d:/AppMajor/xilinx/Vivado/2023.2/data/ip/xilinx/proc_sys_reset_v5_0/doc/proc_sys_reset_v5_0_changelog.txt
*(13) d:/AppMajor/xilinx/Vivado/2023.2/data/ip/xilinx/sc_axi2sc_v1_0/doc/sc_axi2sc_v1_0_changelog.txt
*(14) d:/AppMajor/xilinx/Vivado/2023.2/data/ip/xilinx/sc_mmu_v1_0/doc/sc_mmu_v1_0_changelog.txt
*(15) d:/AppMajor/xilinx/Vivado/2023.2/data/ip/xilinx/sc_si_converter_v1_0/doc/sc_si_converter_v1_0_changelog.txt
*(16) d:/AppMajor/xilinx/Vivado/2023.2/data/ip/xilinx/sc_transaction_regulator_v1_0/doc/sc_transaction_regulator_v1_0_changelog.txt
*(17) d:/AppMajor/xilinx/Vivado/2023.2/data/ip/xilinx/sc_node_v1_0/doc/sc_node_v1_0_changelog.txt
*(18) d:/AppMajor/xilinx/Vivado/2023.2/data/ip/xilinx/sc_node_v1_0/doc/sc_node_v1_0_changelog.txt
*(19) d:/AppMajor/xilinx/Vivado/2023.2/data/ip/xilinx/sc_exit_v1_0/doc/sc_exit_v1_0_changelog.txt
*(20) d:/AppMajor/xilinx/Vivado/2023.2/data/ip/xilinx/sc_sc2axi_v1_0/doc/sc_sc2axi_v1_0_changelog.txt
*(21) d:/AppMajor/xilinx/Vivado/2023.2/data/ip/xilinx/xlconstant_v1_1/doc/xlconstant_v1_1_changelog.txt
*(22) d:/AppMajor/xilinx/Vivado/2023.2/data/ip/xilinx/proc_sys_reset_v5_0/doc/proc_sys_reset_v5_0_changelog.txt
*(23) d:/AppMajor/xilinx/Vivado/2023.2/data/ip/xilinx/sc_axi2sc_v1_0/doc/sc_axi2sc_v1_0_changelog.txt
*(24) d:/AppMajor/xilinx/Vivado/2023.2/data/ip/xilinx/sc_mmu_v1_0/doc/sc_mmu_v1_0_changelog.txt
*(25) d:/AppMajor/xilinx/Vivado/2023.2/data/ip/xilinx/sc_si_converter_v1_0/doc/sc_si_converter_v1_0_changelog.txt
*(26) d:/AppMajor/xilinx/Vivado/2023.2/data/ip/xilinx/sc_transaction_regulator_v1_0/doc/sc_transaction_regulator_v1_0_changelog.txt
*(27) d:/AppMajor/xilinx/Vivado/2023.2/data/ip/xilinx/sc_node_v1_0/doc/sc_node_v1_0_changelog.txt
*(28) d:/AppMajor/xilinx/Vivado/2023.2/data/ip/xilinx/sc_node_v1_0/doc/sc_node_v1_0_changelog.txt
*(29) d:/AppMajor/xilinx/Vivado/2023.2/data/ip/xilinx/sc_node_v1_0/doc/sc_node_v1_0_changelog.txt
*(30) d:/AppMajor/xilinx/Vivado/2023.2/data/ip/xilinx/sc_node_v1_0/doc/sc_node_v1_0_changelog.txt
*(31) d:/AppMajor/xilinx/Vivado/2023.2/data/ip/xilinx/sc_node_v1_0/doc/sc_node_v1_0_changelog.txt
*(32) d:/AppMajor/xilinx/Vivado/2023.2/data/ip/xilinx/sc_exit_v1_0/doc/sc_exit_v1_0_changelog.txt
*(33) d:/AppMajor/xilinx/Vivado/2023.2/data/ip/xilinx/sc_sc2axi_v1_0/doc/sc_sc2axi_v1_0_changelog.txt
*(34) d:/AppMajor/xilinx/Vivado/2023.2/data/ip/xilinx/xlconstant_v1_1/doc/xlconstant_v1_1_changelog.txt
*(35) d:/AppMajor/xilinx/Vivado/2023.2/data/ip/xilinx/proc_sys_reset_v5_0/doc/proc_sys_reset_v5_0_changelog.txt
*(36) d:/AppMajor/xilinx/Vivado/2023.2/data/ip/xilinx/sc_axi2sc_v1_0/doc/sc_axi2sc_v1_0_changelog.txt
*(37) d:/AppMajor/xilinx/Vivado/2023.2/data/ip/xilinx/sc_mmu_v1_0/doc/sc_mmu_v1_0_changelog.txt
*(38) d:/AppMajor/xilinx/Vivado/2023.2/data/ip/xilinx/sc_si_converter_v1_0/doc/sc_si_converter_v1_0_changelog.txt
*(39) d:/AppMajor/xilinx/Vivado/2023.2/data/ip/xilinx/sc_transaction_regulator_v1_0/doc/sc_transaction_regulator_v1_0_changelog.txt
*(40) d:/AppMajor/xilinx/Vivado/2023.2/data/ip/xilinx/sc_node_v1_0/doc/sc_node_v1_0_changelog.txt
*(41) d:/AppMajor/xilinx/Vivado/2023.2/data/ip/xilinx/sc_node_v1_0/doc/sc_node_v1_0_changelog.txt
*(42) d:/AppMajor/xilinx/Vivado/2023.2/data/ip/xilinx/sc_node_v1_0/doc/sc_node_v1_0_changelog.txt


